I'm sorry, but errors were detected in your script. Please correct the
errors listed below, and try again.


File "game/Chapter_Two.rpy", line 221: Line is indented, but the preceding scene statement statement does not expect a block. Please check this line's indentation.
    janed "Oh hi there! You're John's new worker aren't you? What can I help you with?"
    ^

Ren'Py Version: Ren'Py 7.3.5.606
Sun May 17 02:04:17 2020
